<?xml version="1.0" encoding="UTF-8"?>
<TestRun id="1d7def61-a484-4d83-a436-beac23170c44" name="jnb-jonathant@JNB-JONATHANT 2013-04-23 08:43:50" runUser="EXPD\jnb-jonathant" xmlns="http://microsoft.com/schemas/VisualStudio/TeamTest/2010">
  <TestSettings name="Trace and Test Impact" id="835d18f1-7d41-4f74-88b9-e6c3cabaf477">
    <Description>These are test settings for Trace and Test Impact.</Description>
    <Execution>
      <TestTypeSpecific />
      <AgentRule name="Execution Agents">
      </AgentRule>
    </Execution>
    <Deployment runDeploymentRoot="jnb-jonathant_JNB-JONATHANT 2013-04-23 08_43_50" />
  </TestSettings>
  <Times creation="2013-04-23T08:43:50.7319775+02:00" queuing="2013-04-23T08:43:50.7959775+02:00" start="2013-04-23T08:43:50.8019775+02:00" finish="2013-04-23T08:43:50.9829775+02:00" />
  <ResultSummary outcome="Completed">
    <Counters total="1" executed="1" passed="1" error="0" failed="0" timeout="0" aborted="0" inconclusive="0" passedButRunAborted="0" notRunnable="0" notExecuted="0" disconnected="0" warning="0" completed="0" inProgress="0" pending="0" />
  </ResultSummary>
  <TestDefinitions>
    <UnitTest name="TwoCellsAreNotEqualsUsingNotEquals" storage="c:\users\jnb-jonathant\documents\visual studio 2010\projects\gameoflife\gameoflife\bin\debug\gameoflife.dll" id="8fd2c658-0278-e907-ad18-2768a4210b69">
      <Execution id="b6a5fe12-8fe9-4aa4-8de2-992e2f96448b" />
      <TestMethod codeBase="C:/Users/jnb-jonathant/Documents/Visual Studio 2010/Projects/GameOfLife/GameOfLife/bin/Debug/GameOfLife.DLL" adapterTypeName="Microsoft.VisualStudio.TestTools.TestTypes.Unit.UnitTestAdapter, Microsoft.VisualStudio.QualityTools.Tips.UnitTest.Adapter, Version=10.0.0.0, Culture=neutral, PublicKeyToken=b03f5f7f11d50a3a" className="GameOfLife.CellTester, GameOfLife, Version=1.0.0.0, Culture=neutral, PublicKeyToken=null" name="TwoCellsAreNotEqualsUsingNotEquals" />
    </UnitTest>
  </TestDefinitions>
  <TestLists>
    <TestList name="Results Not in a List" id="8c84fa94-04c1-424b-9868-57a2d4851a1d" />
    <TestList name="All Loaded Results" id="19431567-8539-422a-85d7-44ee4e166bda" />
  </TestLists>
  <TestEntries>
    <TestEntry testId="8fd2c658-0278-e907-ad18-2768a4210b69" executionId="b6a5fe12-8fe9-4aa4-8de2-992e2f96448b" testListId="8c84fa94-04c1-424b-9868-57a2d4851a1d" />
  </TestEntries>
  <Results>
    <UnitTestResult executionId="b6a5fe12-8fe9-4aa4-8de2-992e2f96448b" testId="8fd2c658-0278-e907-ad18-2768a4210b69" testName="TwoCellsAreNotEqualsUsingNotEquals" computerName="JNB-JONATHANT" duration="00:00:00.0105805" startTime="2013-04-23T08:43:50.8049775+02:00" endTime="2013-04-23T08:43:50.9719775+02:00" testType="13cdc9d9-ddb5-4fa4-a97d-d965ccfc6d4b" outcome="Passed" testListId="8c84fa94-04c1-424b-9868-57a2d4851a1d" relativeResultsDirectory="b6a5fe12-8fe9-4aa4-8de2-992e2f96448b">
    </UnitTestResult>
  </Results>
</TestRun>